// Jest Snapshot v1, https://goo.gl/fbAQLP

exports[`generates HTML with all stylesheets and the three entry scripts 1`] = `
"
  <!DOCTYPE html>
  <html lang=\\"en\\">
  <head>
      <meta charset=\\"utf-8\\">
      <link rel=\\"stylesheet\\" href=\\"/static/styles1.css\\" />
<link rel=\\"stylesheet\\" href=\\"/static/styles2.css\\" />
  </head>
  <body>
    <div id=\\"percy-root\\"></div>
    <script type=\\"text/javascript\\" src=\\"/static/percy_framework.js\\"></script>
<script type=\\"text/javascript\\" src=\\"/static/percy_snapshots.js\\"></script>
<script type=\\"text/javascript\\" src=\\"/static/percy_render.js\\"></script>
  </body>
  </html>
  "
`;
