// Jest Snapshot v1, https://goo.gl/fbAQLP

exports[`renders the specified React markup into the DOM element 1`] = `"<div data-reactroot=\\"\\">some markup</div>"`;
